-- Tests for package DBMS_RANDOM
SELECT dbms_random.initialize(8);
 initialize 
------------
 
(1 row)

SELECT dbms_random.normal()::numeric(10, 8);
   normal    
-------------
 -1.22160768
(1 row)

SELECT dbms_random.normal()::numeric(10, 8);
   normal   
------------
 0.91471634
(1 row)

SELECT dbms_random.seed(8);
 seed 
------
 
(1 row)

SELECT dbms_random.random();
 random 
--------
 -25498
(1 row)

SELECT dbms_random.seed('test');
 seed 
------
 
(1 row)

SELECT dbms_random.string('U',5);
 string 
--------
 VPQID
(1 row)

SELECT dbms_random.string('P',2);
 string 
--------
 *c
(1 row)

SELECT dbms_random.string('x',4);
 string 
--------
 QY4P
(1 row)

SELECT dbms_random.string('a',2);
 string 
--------
 gK
(1 row)

SELECT dbms_random.string('l',3);
 string 
--------
 dyl
(1 row)

SELECT dbms_random.seed(5);
 seed 
------
 
(1 row)

SELECT dbms_random.value()::numeric(10, 8);
   value    
------------
 0.56930542
(1 row)

SELECT dbms_random.value(10,15)::numeric(10, 8);
    value    
-------------
 11.29043579
(1 row)

SELECT dbms_random.terminate();
 terminate 
-----------
 
(1 row)

SELECT dbms_random.string('u', 10);
   string   
------------
 IZIUOSZPXQ
(1 row)

SELECT dbms_random.string('l', 10);
   string   
------------
 sqinwaztpt
(1 row)

SELECT dbms_random.string('a', 10);
   string   
------------
 qKQoQidmEl
(1 row)

SELECT dbms_random.string('x', 10);
   string   
------------
 6ZTOV69J73
(1 row)

SELECT dbms_random.string('p', 10);
   string   
------------
 `f# tQP~r*
(1 row)

SELECT dbms_random.string('uu', 10); -- error
ERROR:  this first parameter value is more than 1 characters long
SELECT dbms_random.string('w', 10);
   string   
------------
 GIDLUOCSZH
(1 row)

